###############################################################################
#
# IAR ELF Linker V7.40.5.9725/W32 for ARM                 11/Oct/2015  20:43:57
# Copyright 2007-2015 IAR Systems AB.
#
#    Output file  =  
#        D:\My
#        Work\gold_project\Sorftware\EVBCM_V3.8\EVBMM2412_Templete_IAR\project\Debug\Exe\EVBMM-2412_Templete_IAR.out
#    Map file     =  
#        D:\My
#        Work\gold_project\Sorftware\EVBCM_V3.8\EVBMM2412_Templete_IAR\project\Debug\List\EVBMM-2412_Templete_IAR.map
#    Command line =  
#        "D:\My
#        Work\gold_project\Sorftware\EVBCM_V3.8\EVBMM2412_Templete_IAR\project\Debug\Obj\alloc.o"
#        "D:\My
#        Work\gold_project\Sorftware\EVBCM_V3.8\EVBMM2412_Templete_IAR\project\Debug\Obj\arm_cm0.o"
#        "D:\My
#        Work\gold_project\Sorftware\EVBCM_V3.8\EVBMM2412_Templete_IAR\project\Debug\Obj\assert.o"
#        "D:\My
#        Work\gold_project\Sorftware\EVBCM_V3.8\EVBMM2412_Templete_IAR\project\Debug\Obj\CAN_Message.o"
#        "D:\My
#        Work\gold_project\Sorftware\EVBCM_V3.8\EVBMM2412_Templete_IAR\project\Debug\Obj\crt0.o"
#        "D:\My
#        Work\gold_project\Sorftware\EVBCM_V3.8\EVBMM2412_Templete_IAR\project\Debug\Obj\Flash_Driver.o"
#        "D:\My
#        Work\gold_project\Sorftware\EVBCM_V3.8\EVBMM2412_Templete_IAR\project\Debug\Obj\GPIO_Driver.o"
#        "D:\My
#        Work\gold_project\Sorftware\EVBCM_V3.8\EVBMM2412_Templete_IAR\project\Debug\Obj\io.o"
#        "D:\My
#        Work\gold_project\Sorftware\EVBCM_V3.8\EVBMM2412_Templete_IAR\project\Debug\Obj\ISR.o"
#        "D:\My
#        Work\gold_project\Sorftware\EVBCM_V3.8\EVBMM2412_Templete_IAR\project\Debug\Obj\KBI_Driver.o"
#        "D:\My
#        Work\gold_project\Sorftware\EVBCM_V3.8\EVBMM2412_Templete_IAR\project\Debug\Obj\M95160_Driver.o"
#        "D:\My
#        Work\gold_project\Sorftware\EVBCM_V3.8\EVBMM2412_Templete_IAR\project\Debug\Obj\main.o"
#        "D:\My
#        Work\gold_project\Sorftware\EVBCM_V3.8\EVBMM2412_Templete_IAR\project\Debug\Obj\memtest.o"
#        "D:\My
#        Work\gold_project\Sorftware\EVBCM_V3.8\EVBMM2412_Templete_IAR\project\Debug\Obj\MSCAN_Driver.o"
#        "D:\My
#        Work\gold_project\Sorftware\EVBCM_V3.8\EVBMM2412_Templete_IAR\project\Debug\Obj\PIT_Driver.o"
#        "D:\My
#        Work\gold_project\Sorftware\EVBCM_V3.8\EVBMM2412_Templete_IAR\project\Debug\Obj\printf.o"
#        "D:\My
#        Work\gold_project\Sorftware\EVBCM_V3.8\EVBMM2412_Templete_IAR\project\Debug\Obj\queue.o"
#        "D:\My
#        Work\gold_project\Sorftware\EVBCM_V3.8\EVBMM2412_Templete_IAR\project\Debug\Obj\SPI_Driver.o"
#        "D:\My
#        Work\gold_project\Sorftware\EVBCM_V3.8\EVBMM2412_Templete_IAR\project\Debug\Obj\start.o"
#        "D:\My
#        Work\gold_project\Sorftware\EVBCM_V3.8\EVBMM2412_Templete_IAR\project\Debug\Obj\startup.o"
#        "D:\My
#        Work\gold_project\Sorftware\EVBCM_V3.8\EVBMM2412_Templete_IAR\project\Debug\Obj\stdlib.o"
#        "D:\My
#        Work\gold_project\Sorftware\EVBCM_V3.8\EVBMM2412_Templete_IAR\project\Debug\Obj\system_SKEAZ1284.o"
#        "D:\My
#        Work\gold_project\Sorftware\EVBCM_V3.8\EVBMM2412_Templete_IAR\project\Debug\Obj\Systick_Driver.o"
#        "D:\My
#        Work\gold_project\Sorftware\EVBCM_V3.8\EVBMM2412_Templete_IAR\project\Debug\Obj\uif.o"
#        "D:\My
#        Work\gold_project\Sorftware\EVBCM_V3.8\EVBMM2412_Templete_IAR\project\Debug\Obj\vectors.o"
#        -o "D:\My
#        Work\gold_project\Sorftware\EVBCM_V3.8\EVBMM2412_Templete_IAR\project\Debug\Exe\EVBMM-2412_Templete_IAR.out"
#        --map "D:\My
#        Work\gold_project\Sorftware\EVBCM_V3.8\EVBMM2412_Templete_IAR\project\Debug\List\EVBMM-2412_Templete_IAR.map"
#        --config "D:\My
#        Work\gold_project\Sorftware\EVBCM_V3.8\EVBMM2412_Templete_IAR\project\..\linker_files\128KB_Pflash.icf"
#        --semihosting --entry __iar_program_start --vfe
#
###############################################################################

*******************************************************************************
*** RUNTIME MODEL ATTRIBUTES
***

CppFlavor       = *
__SystemLibrary = DLib


*******************************************************************************
*** PLACEMENT SUMMARY
***

"A1":  place at 0x00000000 { ro section .intvec };
"A2":  place at 0x00000410 { ro section .noinit };
"P1":  place in [from 0x00000000 to 0x00020000] { ro, block CodeRelocate };
"P2":  place in [from 0x1ffff000 to 0x20003000] {
          rw, block CodeRelocateRam, block CSTACK, block HEAP };

  Section              Kind        Address    Size  Object
  -------              ----        -------    ----  ------
"A1":                                         0xc0
  .intvec              const    0x00000000    0xc0  vectors.o [1]
                              - 0x000000c0    0xc0

"P1", part 1 of 2:                             0x0
  .rodata              const    0x000000c0     0x0  zero_init3.o [5]
  CodeRelocate                  0x000000c0     0x0  <Block>

Absolute sections:                            0x10
  .rodata              const    0x00000400    0x10  vectors.o [1]
                              - 0x00000410    0x10

"A2":                                         0x18
  .noinit              ro code  0x00000410    0x18  crt0.o [1]
                              - 0x00000428    0x18

"P1", part 2 of 2:                          0x2754
  .text                ro code  0x00000428   0xeba  xprintffull_nomb.o [3]
  .text                ro code  0x000012e2    0x14  strchr.o [5]
  .text                ro code  0x000012f6    0x24  stdlib.o [1]
  .text                ro code  0x0000131a    0x18  memchr.o [5]
  .text                ro code  0x00001332    0x6a  I64DivMod.o [5]
  .text                ro code  0x0000139c    0x5c  ABImemcpy.o [5]
  .text                ro code  0x000013f8    0x44  xdnorm.o [4]
  .text                ro code  0x0000143c    0x32  DblCmpLe.o [4]
  .text                ro code  0x0000146e    0x32  DblCmpGe.o [4]
  .text                ro code  0x000014a0   0x11c  xdscale.o [4]
  .text                ro code  0x000015bc    0x52  DblToI32.o [4]
  .text                ro code  0x0000160e     0x2  vectors.o [1]
  .text                ro code  0x00001610    0x34  I32ToDbl.o [4]
  .text                ro code  0x00001644   0x1a8  DblAddSub.o [4]
  .text                ro code  0x000017ec    0xe0  I32DivModFast.o [5]
  .text                ro code  0x000018cc   0x184  DblMul.o [4]
  .text                ro code  0x00001a50    0xc2  DblDiv.o [4]
  .text                ro code  0x00001b12    0x20  div.o [3]
  .text                ro code  0x00001b34     0x2  I64DivZer.o [5]
  .text                ro code  0x00001b38     0x2  IntDivZer.o [5]
  .text                ro code  0x00001b3c   0x3f0  GPIO_Driver.o [1]
  .text                ro code  0x00001f2c   0x290  SPI_Driver.o [1]
  .text                ro code  0x000021bc   0x258  M95160_Driver.o [1]
  .text                ro code  0x00002414   0x1b8  Systick_Driver.o [1]
  .text                ro code  0x000025cc   0x120  system_SKEAZ1284.o [1]
  .text                ro code  0x000026ec    0x38  arm_cm0.o [1]
  .text                ro code  0x00002724    0x30  assert.o [1]
  .text                ro code  0x00002754    0x24  printf.o [3]
  .text                ro code  0x00002778    0xb0  startup.o [1]
  .text                ro code  0x00002828    0x94  main.o [1]
  .text                ro code  0x000028bc    0x6c  iarttio.o [6]
  .text                ro code  0x00002928     0x8  XShttio.o [3]
  .rodata              const    0x00002930    0x54  arm_cm0.o [1]
  .text                ro code  0x00002984    0x3c  zero_init3.o [5]
  .text                ro code  0x000029c0    0x34  start.o [1]
  .text                ro code  0x000029f4    0x28  data_init.o [5]
  .rodata              const    0x00002a1c    0x24  assert.o [1]
  .text                ro code  0x00002a40    0x24  putchar.o [3]
  .text                ro code  0x00002a64    0x10  write.o [6]
  .text                ro code  0x00002a74    0x1e  dwrite.o [6]
  .text                ro code  0x00002a92    0x20  iarwstd.o [6]
  .text                ro code  0x00002ab2    0x22  iarwrite.o [6]
  .iar.init_table      const    0x00002ad4    0x10  - Linker created -
  .text                ro code  0x00002ae4    0x1a  cmain.o [5]
  .text                ro code  0x00002afe     0x4  low_level_init.o [3]
  .text                ro code  0x00002b02     0x8  exit.o [3]
  .text                ro code  0x00002b0c     0xa  cexit.o [5]
  .text                ro code  0x00002b18    0x14  exit.o [6]
  .rodata              const    0x00002b2c    0x18  xprintffull_nomb.o [3]
  .text                ro code  0x00002b44    0x16  xprout.o [3]
  .text                ro code  0x00002b5a     0xc  cstartup_M.o [5]
  .data_init                    0x00002b68     0xc  <Block>
    Initializer bytes  const    0x00002b68     0xc  <for .data-1>
  .text                ro code  0x00002b74     0x8  ISR.o [1]
                              - 0x00002b7c  0x2754

"P2":                                         0x28
  .data                         0x1ffff000     0xc  <Block>
    .data-1                     0x1ffff000     0xc  <Init block>
      .data            inited   0x1ffff000     0x4  system_SKEAZ1284.o [1]
      .data            inited   0x1ffff004     0x8  XShttio.o [3]
  .bss                          0x1ffff00c    0x1c  <Block>
    .bss               zero     0x1ffff00c     0xc  main.o [1]
    .bss               zero     0x1ffff018     0xc  main.o [1]
    .bss               zero     0x1ffff024     0x4  Systick_Driver.o [1]
  CodeRelocateRam               0x1ffff028     0x0  <Block>
                              - 0x1ffff028    0x28


*******************************************************************************
*** INIT TABLE
***

          Address     Size
          -------     ----
Zero (__iar_zero_init3)
    1 destination range, total size 0x1c:
          0x1ffff00c  0x1c



*******************************************************************************
*** MODULE SUMMARY
***

    Module              ro code  ro data  rw data  ro data
                                                    (abs)
    ------              -------  -------  -------  -------
D:\My Work\gold_project\Sorftware\EVBCM_V3.8\EVBMM2412_Templete_IAR\project\Debug\Obj: [1]
    GPIO_Driver.o         1 008
    ISR.o                     8
    M95160_Driver.o         600
    SPI_Driver.o            656
    Systick_Driver.o        440                 4
    arm_cm0.o                56       84
    assert.o                 48       36
    crt0.o                   24
    main.o                  148                24
    start.o                  52
    startup.o               176
    stdlib.o                 36
    system_SKEAZ1284.o      288        4        4
    vectors.o                 2      192                16
    ------------------------------------------------------
    Total:                3 542      316       32       16

command line: [2]
    ------------------------------------------------------
    Total:

dl6M_tln.a: [3]
    XShttio.o                 8        8        8
    div.o                    32
    exit.o                    8
    low_level_init.o          4
    printf.o                 36
    putchar.o                36
    xprintffull_nomb.o    3 770       24
    xprout.o                 22
    ------------------------------------------------------
    Total:                3 916       32        8

m6M_tl.a: [4]
    DblAddSub.o             424
    DblCmpGe.o               50
    DblCmpLe.o               50
    DblDiv.o                194
    DblMul.o                388
    DblToI32.o               82
    I32ToDbl.o               52
    xdnorm.o                 68
    xdscale.o               284
    ------------------------------------------------------
    Total:                1 592

rt6M_tl.a: [5]
    ABImemcpy.o              92
    I32DivModFast.o         224
    I64DivMod.o             106
    I64DivZer.o               2
    IntDivZer.o               2
    cexit.o                  10
    cmain.o                  26
    cstartup_M.o             12
    data_init.o              40
    memchr.o                 24
    strchr.o                 20
    zero_init3.o             60
    ------------------------------------------------------
    Total:                  618

shb_l.a: [6]
    dwrite.o                 30
    exit.o                   20
    iarttio.o               108
    iarwrite.o               34
    iarwstd.o                32
    write.o                  16
    ------------------------------------------------------
    Total:                  240

    Gaps                     10
    Linker created                    16
----------------------------------------------------------
    Grand Total:          9 918      364       40       16


*******************************************************************************
*** ENTRY LIST
***

Entry                      Address   Size  Type      Object
-----                      -------   ----  ----      ------
.bss$$Base              0x1ffff00c          --   Gb  - Linker created -
.bss$$Limit             0x1ffff028          --   Gb  - Linker created -
.data$$Base             0x1ffff000          --   Gb  - Linker created -
.data$$Limit            0x1ffff00c          --   Gb  - Linker created -
.data_init$$Base        0x00002b68          --   Gb  - Linker created -
.data_init$$Limit       0x00002b74          --   Gb  - Linker created -
.iar.init_table$$Base   0x00002ad4          --   Gb  - Linker created -
.iar.init_table$$Limit  0x00002ae4          --   Gb  - Linker created -
?main                   0x00002ae5         Code  Gb  cmain.o [5]
ASSERT_FAILED_STR       0x00002a1c   0x24  Data  Gb  assert.o [1]
CodeRelocate$$Base      0x000000c0          --   Gb  - Linker created -
CodeRelocate$$Limit     0x000000c0          --   Gb  - Linker created -
CodeRelocateRam$$Base   0x1ffff028          --   Gb  - Linker created -
CodeRelocateRam$$Limit  0x1ffff028          --   Gb  - Linker created -
GPIO_PinClear           0x00001ec1   0x36  Code  Gb  GPIO_Driver.o [1]
GPIO_PinInit            0x00001b3d  0x2fe  Code  Gb  GPIO_Driver.o [1]
GPIO_PinSet             0x00001e7f   0x36  Code  Gb  GPIO_Driver.o [1]
GPIO_PinToggle          0x00001e49   0x36  Code  Gb  GPIO_Driver.o [1]
LoadInt                 0x000009e5   0x68  Code  Lc  xprintffull_nomb.o [3]
M95160_Init             0x000021bd   0x76  Code  Gb  M95160_Driver.o [1]
M95160_ReadSequenceBytesData
                        0x00002373   0x94  Code  Gb  M95160_Driver.o [1]
M95160_ReadStatusRegister
                        0x0000226d   0x4e  Code  Gb  M95160_Driver.o [1]
M95160_WriteSequenceBytesData
                        0x000022bb   0xb8  Code  Gb  M95160_Driver.o [1]
M95160_WriteStatusRegister
                        0x00002233   0x3a  Code  Gb  M95160_Driver.o [1]
NVIC_EnableIRQ          0x00002415    0xe  Code  Lc  Systick_Driver.o [1]
NVIC_SetPriority        0x00002423   0x84  Code  Lc  Systick_Driver.o [1]
R_Buffer                0x1ffff018    0xc  Data  Gb  main.o [1]
Region$$Table$$Base     0x00002ad4          --   Gb  - Linker created -
Region$$Table$$Limit    0x00002ae4          --   Gb  - Linker created -
SPI_Init                0x00001f2d  0x1d2  Code  Gb  SPI_Driver.o [1]
SPI_ReadByteData        0x00002149   0x56  Code  Gb  SPI_Driver.o [1]
SPI_WriteByteData       0x000020ff   0x4a  Code  Gb  SPI_Driver.o [1]
Set_Vector_Handler      0x000026f3   0x24  Code  Gb  arm_cm0.o [1]
SysTick_Config          0x000024a7   0x32  Code  Lc  Systick_Driver.o [1]
SysTick_Handler         0x00002b75    0x8  Code  Gb  ISR.o [1]
SystemCoreClock         0x1ffff000    0x4  Data  Gb  system_SKEAZ1284.o [1]
SystemCoreClockUpdate   0x00002621   0x9a  Code  Gb  system_SKEAZ1284.o [1]
SystemInit              0x000025cd   0x54  Code  Gb  system_SKEAZ1284.o [1]
Systick_Init            0x000024d9   0xae  Code  Gb  Systick_Driver.o [1]
TimeDelay_Decrement     0x00002587   0x16  Code  Gb  Systick_Driver.o [1]
W_Buffer                0x1ffff00c    0xc  Data  Gb  main.o [1]
_GenldFullNoMb          0x00001015  0x29a  Code  Lc  xprintffull_nomb.o [3]
_LdtobFullNoMb          0x00000b81  0x480  Code  Lc  xprintffull_nomb.o [3]
_LitobFullNoMb          0x00000a4d  0x12e  Code  Lc  xprintffull_nomb.o [3]
_PrintfFullNoMb         0x00000429  0x5bc  Code  Gb  xprintffull_nomb.o [3]
_Prout                  0x00002b45   0x16  Code  Gb  xprout.o [3]
_PutcharsFullNoMb       0x000012af   0x30  Code  Lc  xprintffull_nomb.o [3]
__BOOT_STACK_ADDRESS {Abs}
                        0x20002ff8          --   Gb  command line/config [2]
__VECTOR_RAM {Abs}      0x1ffff000          --   Gb  command line/config [2]
__VECTOR_TABLE {Abs}    0x00000000          --   Gb  command line/config [2]
__aeabi_cdcmple         0x0000143d         Code  Gb  DblCmpLe.o [4]
__aeabi_cdrcmple        0x0000146f         Code  Gb  DblCmpGe.o [4]
__aeabi_d2iz            0x000015bd         Code  Gb  DblToI32.o [4]
__aeabi_d2uiz           0x000015e1         Code  Gb  DblToI32.o [4]
__aeabi_ddiv            0x00001a51         Code  Gb  DblDiv.o [4]
__aeabi_dmul            0x000018cd         Code  Gb  DblMul.o [4]
__aeabi_dsub            0x000016ff         Code  Gb  DblAddSub.o [4]
__aeabi_i2d             0x00001611         Code  Gb  I32ToDbl.o [4]
__aeabi_idiv            0x00001819         Code  Gb  I32DivModFast.o [5]
__aeabi_idiv0           0x00001b39         Code  Gb  IntDivZer.o [5]
__aeabi_idivmod         0x00001819         Code  Gb  I32DivModFast.o [5]
__aeabi_ldiv0           0x00001b35         Code  Gb  I64DivZer.o [5]
__aeabi_memcpy          0x0000139d         Code  Gb  ABImemcpy.o [5]
__aeabi_ui2d            0x00001625         Code  Gb  I32ToDbl.o [4]
__aeabi_uidiv           0x0000181f         Code  Gb  I32DivModFast.o [5]
__aeabi_uidivmod        0x0000181f         Code  Gb  I32DivModFast.o [5]
__aeabi_uldivmod        0x00001333         Code  Gb  I64DivMod.o [5]
__cmain                 0x00002ae5         Code  Gb  cmain.o [5]
__dwrite                0x00002a75   0x1e  Code  Gb  dwrite.o [6]
__exit                  0x00002b19   0x14  Code  Gb  exit.o [6]
__flash_config          0x00000400   0x10  Data  Gb  vectors.o [1]
__iar_Dnorm             0x000013f9   0x44  Code  Gb  xdnorm.o [4]
__iar_Dscale            0x000014a1  0x11c  Code  Gb  xdscale.o [4]
__iar_Memchr            0x0000131b   0x18  Code  Gb  memchr.o [5]
__iar_Strchr            0x000012e3   0x14  Code  Gb  strchr.o [5]
__iar_close_ttio        0x000028bd   0x2e  Code  Gb  iarttio.o [6]
__iar_d2uiz             0x000015e5         Code  Gb  DblToI32.o [4]
__iar_data_init3        0x000029f5   0x28  Code  Gb  data_init.o [5]
__iar_get_ttio          0x000028ed   0x38  Code  Gb  iarttio.o [6]
__iar_lookup_ttioh      0x00002929    0x8  Code  Gb  XShttio.o [3]
__iar_program_start     0x00002b5b         Code  Gb  cstartup_M.o [5]
__iar_sh_stdout         0x00002a93   0x20  Code  Gb  iarwstd.o [6]
__iar_sh_write          0x00002ab3   0x22  Code  Gb  iarwrite.o [6]
__iar_ttio_handles      0x1ffff004    0x8  Data  Lc  XShttio.o [3]
__iar_ui2d              0x00001629         Code  Gb  I32ToDbl.o [4]
__iar_zero_init3        0x00002985   0x3c  Code  Gb  zero_init3.o [5]
__low_level_init        0x00002aff    0x4  Code  Gb  low_level_init.o [3]
__startup               0x00000411         Code  Gb  crt0.o [1]
__vector_table          0x00000000   0xc0  Data  Gb  vectors.o [1]
__write                 0x00002a65   0x10  Code  Gb  write.o [6]
_call_main              0x00002af1         Code  Gb  cmain.o [5]
_exit                   0x00002b0d         Code  Gb  cexit.o [5]
_main                   0x00002afb         Code  Gb  cmain.o [5]
assert_failed           0x00002725   0x30  Code  Gb  assert.o [1]
common_startup          0x00002779   0xb0  Code  Gb  startup.o [1]
default_isr             0x0000160f    0x2  Code  Gb  vectors.o [1]
div                     0x00001b13   0x20  Code  Gb  div.o [3]
exit                    0x00002b03    0x8  Code  Gb  exit.o [3]
g_TimingDelay           0x1ffff024    0x4  Data  Lc  Systick_Driver.o [1]
main                    0x00002829   0x94  Code  Gb  main.o [1]
printf                  0x00002755   0x24  Code  Gb  printf.o [3]
putchar                 0x00002a41   0x24  Code  Gb  putchar.o [3]
start                   0x000029c1   0x22  Code  Gb  start.o [1]
strlen                  0x000012f7   0x24  Code  Gb  stdlib.o [1]
write_vtor              0x000026ed    0x6  Code  Gb  arm_cm0.o [1]


[1] = D:\My Work\gold_project\Sorftware\EVBCM_V3.8\EVBMM2412_Templete_IAR\project\Debug\Obj
[2] = command line
[3] = dl6M_tln.a
[4] = m6M_tl.a
[5] = rt6M_tl.a
[6] = shb_l.a

  9 918 bytes of readonly  code memory
    364 bytes of readonly  data memory (+ 16 absolute)
     40 bytes of readwrite data memory

Errors: none
Warnings: none
